    Blocking waiting for file lock on build directory
    Checking windows-sys v0.61.2
   Compiling num-traits v0.2.19
    Checking simd-adler32 v0.3.9
    Checking bb-helper v1.0.13 (C:\Users\Toxpo\Desktop\T3 Gemstone\imager-fork\bb-imager-rs\bb-helper)
   Compiling windows-implement v0.60.2
   Compiling windows-interface v0.59.3
   Compiling darling_core v0.21.3
   Compiling displaydoc v0.2.6
    Checking tracing v0.1.44
   Compiling liblzma-sys v0.4.7
   Compiling zerocopy v0.8.54
    Checking bytes v1.12.0
    Checking bin_file v0.2.1
   Compiling zerocopy-derive v0.8.54
    Checking hashbrown v0.17.1
    Checking bb-bmap-parser v0.1.1 (C:\Users\Toxpo\Desktop\T3 Gemstone\imager-fork\bb-imager-rs\bb-bmap-parser)
    Checking mbrman v0.6.1
   Compiling bb-imager-cli v1.0.13 (C:\Users\Toxpo\Desktop\T3 Gemstone\imager-fork\bb-imager-rs\bb-imager-cli)
    Checking bb-flasher-pb2-mspm0 v0.1.0 (C:\Users\Toxpo\Desktop\T3 Gemstone\imager-fork\bb-imager-rs\bb-flasher-pb2-mspm0)
    Checking smallvec v1.15.2
    Checking miniz_oxide v0.8.9
    Checking bb-flasher-bcf v1.0.2 (C:\Users\Toxpo\Desktop\T3 Gemstone\imager-fork\bb-imager-rs\bb-flasher-bcf)
    Checking flate2 v1.1.9
    Checking indexmap v2.14.0
    Checking dfu-core v0.11.1
    Checking windows-core v0.62.2
    Checking anstyle-wincon v3.0.11
    Checking anstyle-query v1.1.5
    Checking tempfile v3.27.0
    Checking nu-ansi-term v0.50.3
    Checking console v0.16.4
    Checking qcow2-core v0.3.0 (https://github.com/Ayush1325/qcow2-forensic.git?branch=core-reader#0a95ca91)
    Checking anstream v1.0.0
    Checking dfu-libusb v0.6.2
    Checking tracing-subscriber v0.3.23
    Checking bb-flasher-dfu v1.0.13 (C:\Users\Toxpo\Desktop\T3 Gemstone\imager-fork\bb-imager-rs\bb-flasher-dfu)
    Checking indicatif v0.18.6
    Checking clap_builder v4.6.2
    Checking chrono v0.4.45
    Checking windows-numerics v0.3.1
    Checking windows-collections v0.3.2
    Checking windows-future v0.3.2
    Checking yaml_serde v0.10.4
   Compiling darling_macro v0.21.3
    Checking windows v0.62.2
    Checking fatfs v0.3.6
   Compiling darling v0.21.3
   Compiling ownable-macro v0.6.3
    Checking clap v4.6.4
    Checking liblzma v0.4.7
    Checking clap_complete v4.6.8
    Checking ownable v0.6.2
    Checking rc-zip v5.4.1
    Checking rc-zip-sync v4.4.2
    Checking bb-flasher-mspm0 v1.0.13 (C:\Users\Toxpo\Desktop\T3 Gemstone\imager-fork\bb-imager-rs\bb-flasher-mspm0)
    Checking bb-drivelist v1.0.0 (C:\Users\Toxpo\Desktop\T3 Gemstone\imager-fork\bb-imager-rs\bb-drivelist)
warning: the function `get_friendly_name` doesn't need a mutable reference
  --> bb-drivelist\src\pal\windows.rs:62:66
   |
62 |             let friendly_name = get_friendly_name(h_device_info, &mut device_info_data);
   |                                                                  ^^^^^^^^^^^^^^^^^^^^^
   |
   = help: for further information visit https://rust-lang.github.io/rust-clippy/rust-1.97.0/index.html#unnecessary_mut_passed
   = note: `#[warn(clippy::unnecessary_mut_passed)]` on by default
help: remove this `mut`
   |
62 -             let friendly_name = get_friendly_name(h_device_info, &mut device_info_data);
62 +             let friendly_name = get_friendly_name(h_device_info, &device_info_data);
   |

warning: the function `is_removable` doesn't need a mutable reference
  --> bb-drivelist\src\pal\windows.rs:71:59
   |
71 |                 is_removable: is_removable(h_device_info, &mut device_info_data),
   |                                                           ^^^^^^^^^^^^^^^^^^^^^
   |
   = help: for further information visit https://rust-lang.github.io/rust-clippy/rust-1.97.0/index.html#unnecessary_mut_passed
help: remove this `mut`
   |
71 -                 is_removable: is_removable(h_device_info, &mut device_info_data),
71 +                 is_removable: is_removable(h_device_info, &device_info_data),
   |

warning: the function `get_detail_data` doesn't need a mutable reference
  --> bb-drivelist\src\pal\windows.rs:75:55
   |
75 |             get_detail_data(&mut item, h_device_info, &mut device_info_data).unwrap();
   |                                                       ^^^^^^^^^^^^^^^^^^^^^
   |
   = help: for further information visit https://rust-lang.github.io/rust-clippy/rust-1.97.0/index.html#unnecessary_mut_passed
help: remove this `mut`
   |
75 -             get_detail_data(&mut item, h_device_info, &mut device_info_data).unwrap();
75 +             get_detail_data(&mut item, h_device_info, &device_info_data).unwrap();
   |

warning: `to_string` applied to a type that implements `Display` in `format!` args
   --> bb-drivelist\src\pal\windows.rs:239:20
    |
239 |                 err.to_string()
    |                    ^^^^^^^^^^^^ help: remove this
    |
    = help: for further information visit https://rust-lang.github.io/rust-clippy/rust-1.97.0/index.html#to_string_in_format_args
    = note: `#[warn(clippy::to_string_in_format_args)]` on by default

warning: `to_string` applied to a type that implements `Display` in `format!` args
   --> bb-drivelist\src\pal\windows.rs:246:20
    |
246 |                 err.to_string()
    |                    ^^^^^^^^^^^^ help: remove this
    |
    = help: for further information visit https://rust-lang.github.io/rust-clippy/rust-1.97.0/index.html#to_string_in_format_args

warning: `to_string` applied to a type that implements `Display` in `format!` args
   --> bb-drivelist\src\pal\windows.rs:253:20
    |
253 |                 err.to_string()
    |                    ^^^^^^^^^^^^ help: remove this
    |
    = help: for further information visit https://rust-lang.github.io/rust-clippy/rust-1.97.0/index.html#to_string_in_format_args

warning: `to_string` applied to a type that implements `Display` in `format!` args
   --> bb-drivelist\src\pal\windows.rs:260:20
    |
260 |                 err.to_string()
    |                    ^^^^^^^^^^^^ help: remove this
    |
    = help: for further information visit https://rust-lang.github.io/rust-clippy/rust-1.97.0/index.html#to_string_in_format_args

warning: this `if` statement can be collapsed
   --> bb-drivelist\src\pal\windows.rs:521:5
    |
521 | /     if res.is_ok() {
522 | |         if disk_extents.NumberOfDiskExtents >= 2 {
523 | |             return None;
524 | |         }
525 | |     }
    | |_____^
    |
    = help: for further information visit https://rust-lang.github.io/rust-clippy/rust-1.97.0/index.html#collapsible_if
    = note: `#[warn(clippy::collapsible_if)]` on by default
help: collapse nested if block
    |
521 ~     if res.is_ok()
522 ~         && disk_extents.NumberOfDiskExtents >= 2 {
523 |             return None;
524 ~         }
    |

warning: `bb-drivelist` (lib) generated 8 warnings (run `cargo clippy --fix --lib -p bb-drivelist -- ` to apply 8 suggestions)
    Checking bb-flasher-sd v3.0.0 (C:\Users\Toxpo\Desktop\T3 Gemstone\imager-fork\bb-imager-rs\bb-flasher-sd)
warning: the borrowed expression implements the required traits
   --> bb-flasher-sd\src\pal\windows.rs:132:15
    |
132 |           .args(&[
    |  _______________^
133 | |             "Clear-Disk",
134 | |             "-Number",
135 | |             disk_num,
136 | |             "-RemoveData",
137 | |             "-Confirm:$false",
138 | |         ])
    | |_________^
    |
    = help: for further information visit https://rust-lang.github.io/rust-clippy/rust-1.97.0/index.html#needless_borrows_for_generic_args
    = note: `#[warn(clippy::needless_borrows_for_generic_args)]` on by default
help: change this to
    |
132 ~         .args([
133 +             "Clear-Disk",
134 +             "-Number",
135 +             disk_num,
136 +             "-RemoveData",
137 +             "-Confirm:$false",
138 ~         ])
    |

warning: `bb-flasher-sd` (lib) generated 1 warning (run `cargo clippy --fix --lib -p bb-flasher-sd -- ` to apply 1 suggestion)
    Checking bb-flasher v0.1.0 (C:\Users\Toxpo\Desktop\T3 Gemstone\imager-fork\bb-imager-rs\bb-flasher)
    Finished `dev` profile [unoptimized + debuginfo] target(s) in 14.47s
EXIT=0
